Copyright 1986-2022 Xilinx, Inc. All Rights Reserved. Copyright 2022-2023 Advanced Micro Devices, Inc. All Rights Reserved.
---------------------------------------------------------------------------------------------------------------------------------------------
| Tool Version : Vivado v.2023.2 (lin64) Build 4029153 Fri Oct 13 20:13:54 MDT 2023
| Date         : Thu Aug 20 21:04:22 2026
| Host         : cdac running 64-bit Ubuntu 20.04.6 LTS
| Command      : report_utilization -slr -file slr_util_routed.rpt -pb slr_util_routed.pb
| Design       : level0_wrapper
| Device       : xcu55c-fsvh2892-2L-e
| Speed File   : -2L
| Design State : Routed
---------------------------------------------------------------------------------------------------------------------------------------------

Utilization Design Information

Table of Contents
-----------------
1. SLR Connectivity
2. SLR Connectivity Matrix
3. SLR CLB Logic and Dedicated Block Utilization
4. SLR IO Utilization

1. SLR Connectivity
-------------------

+----------------------------------+-------+-------+-----------+-------+
|                                  |  Used | Fixed | Available | Util% |
+----------------------------------+-------+-------+-----------+-------+
| SLR2 <-> SLR1                    |  5180 |       |     23040 | 22.48 |
|   SLR1 -> SLR2                   |  2627 |       |           | 11.40 |
|     Using TX_REG only            |     0 |     0 |           |       |
|     Using RX_REG only            |     0 |     0 |           |       |
|     Using Both TX_REG and RX_REG |     0 |     0 |           |       |
|   SLR2 -> SLR1                   |  2553 |       |           | 11.08 |
|     Using TX_REG only            |     0 |     0 |           |       |
|     Using RX_REG only            |     0 |     0 |           |       |
|     Using Both TX_REG and RX_REG |     0 |     0 |           |       |
| SLR1 <-> SLR0                    |  5328 |       |     23040 | 23.13 |
|   SLR0 -> SLR1                   |  2782 |       |           | 12.07 |
|     Using TX_REG only            |     0 |     0 |           |       |
|     Using RX_REG only            |     0 |     0 |           |       |
|     Using Both TX_REG and RX_REG |     0 |     0 |           |       |
|   SLR1 -> SLR0                   |  2546 |       |           | 11.05 |
|     Using TX_REG only            |     0 |     0 |           |       |
|     Using RX_REG only            |     0 |     0 |           |       |
|     Using Both TX_REG and RX_REG |     0 |     0 |           |       |
+----------------------------------+-------+-------+-----------+-------+
| Total SLLs Used                  | 10508 |       |           |       |
+----------------------------------+-------+-------+-----------+-------+


2. SLR Connectivity Matrix
--------------------------

+-----------+------+------+------+
| FROM \ TO | SLR2 | SLR1 | SLR0 |
+-----------+------+------+------+
| SLR2      |    0 | 2453 |  100 |
| SLR1      | 2564 |    0 | 2446 |
| SLR0      |   63 | 2719 |    0 |
+-----------+------+------+------+


3. SLR CLB Logic and Dedicated Block Utilization
------------------------------------------------

+----------------------------+-------+-------+-------+--------+--------+--------+
|          Site Type         |  SLR0 |  SLR1 |  SLR2 | SLR0 % | SLR1 % | SLR2 % |
+----------------------------+-------+-------+-------+--------+--------+--------+
| CLB                        |  9112 | 11581 |  6855 |  16.58 |  21.45 |  12.69 |
|   CLBL                     |  4777 |  6307 |  3538 |  16.31 |  21.54 |  12.08 |
|   CLBM                     |  4335 |  5274 |  3317 |  16.88 |  21.33 |  13.42 |
| CLB LUTs                   | 33822 | 62686 | 25141 |   7.69 |  14.51 |   5.82 |
|   LUT as Logic             | 30551 | 58999 | 23616 |   6.95 |  13.66 |   5.47 |
|     using O5 output only   |  1002 |   924 |   437 |   0.23 |   0.21 |   0.10 |
|     using O6 output only   | 21901 | 44122 | 16750 |   4.98 |  10.21 |   3.88 |
|     using O5 and O6        |  7648 | 13953 |  6429 |   1.74 |   3.23 |   1.49 |
|   LUT as Memory            |  3271 |  3687 |  1525 |   1.59 |   1.86 |   0.77 |
|     LUT as Distributed RAM |  1152 |  3532 |   820 |   0.56 |   1.79 |   0.41 |
|       using O5 output only |     0 |     0 |     0 |   0.00 |   0.00 |   0.00 |
|       using O6 output only |   240 |   386 |     4 |   0.12 |   0.20 |  <0.01 |
|       using O5 and O6      |   912 |  3146 |   816 |   0.44 |   1.59 |   0.41 |
|     LUT as Shift Register  |  2119 |   155 |   705 |   1.03 |   0.08 |   0.36 |
|       using O5 output only |     0 |     0 |     0 |   0.00 |   0.00 |   0.00 |
|       using O6 output only |  1371 |    99 |   671 |   0.67 |   0.05 |   0.34 |
|       using O5 and O6      |   748 |    56 |    34 |   0.36 |   0.03 |   0.02 |
| CLB Registers              | 56333 | 73575 | 34738 |   6.41 |   8.52 |   4.02 |
| CARRY8                     |   332 |   653 |   103 |   0.60 |   1.21 |   0.19 |
| F7 Muxes                   |   897 |  1486 |   437 |   0.41 |   0.69 |   0.20 |
| F8 Muxes                   |   191 |   272 |     0 |   0.17 |   0.25 |   0.00 |
| F9 Muxes                   |     0 |     0 |     0 |   0.00 |   0.00 |   0.00 |
| Block RAM Tile             |  58.5 |    90 |    50 |   8.71 |  13.39 |   7.44 |
|   RAMB36/FIFO              |    55 |    90 |    50 |   8.18 |  13.39 |   7.44 |
|   RAMB18                   |     7 |     0 |     0 |   0.52 |   0.00 |   0.00 |
| URAM                       |     0 |     0 |     0 |   0.00 |   0.00 |   0.00 |
| DSPs                       |     0 |     0 |     4 |   0.00 |   0.00 |   0.13 |
| Unique Control Sets        |  2050 |  3454 |  1057 |   1.86 |   3.20 |   0.98 |
+----------------------------+-------+-------+-------+--------+--------+--------+
* Note: Available Control Sets based on CLB Registers / 8


4. SLR IO Utilization
---------------------

+-----------+-----------+---------+------------+----------+------------+----------+-----+
| SLR Index | Used IOBs | (%)IOBs | Used IPADs | (%)IPADs | Used OPADs | (%)OPADs | GTs |
+-----------+-----------+---------+------------+----------+------------+----------+-----+
| SLR2      |         0 |    0.00 |          0 |     0.00 |          0 |     0.00 |   0 |
| SLR1      |         0 |    0.00 |          0 |     0.00 |          0 |     0.00 |   0 |
| SLR0      |        12 |    5.77 |          0 |     0.00 |          0 |     0.00 |  16 |
+-----------+-----------+---------+------------+----------+------------+----------+-----+
| Total     |        12 |         |          0 |          |          0 |          |  16 |
+-----------+-----------+---------+------------+----------+------------+----------+-----+


