Copyright 1986-2022 Xilinx, Inc. All Rights Reserved. Copyright 2022-2023 Advanced Micro Devices, Inc. All Rights Reserved.
---------------------------------------------------------------------------------------------------------------------------------------------
| Tool Version : Vivado v.2023.2 (lin64) Build 4029153 Fri Oct 13 20:13:54 MDT 2023
| Date         : Thu Aug 20 21:01:34 2026
| Host         : cdac running 64-bit Ubuntu 20.04.6 LTS
| Command      : report_utilization -slr -file slr_util_routed.rpt -pb slr_util_routed.pb
| Design       : level0_wrapper
| Device       : xcu55c-fsvh2892-2L-e
| Speed File   : -2L
| Design State : Routed
---------------------------------------------------------------------------------------------------------------------------------------------

Utilization Design Information

Table of Contents
-----------------
1. SLR Connectivity
2. SLR Connectivity Matrix
3. SLR CLB Logic and Dedicated Block Utilization
4. SLR IO Utilization

1. SLR Connectivity
-------------------

+----------------------------------+-------+-------+-----------+-------+
|                                  |  Used | Fixed | Available | Util% |
+----------------------------------+-------+-------+-----------+-------+
| SLR2 <-> SLR1                    |  5180 |       |     23040 | 22.48 |
|   SLR1 -> SLR2                   |  2628 |       |           | 11.41 |
|     Using TX_REG only            |     0 |     0 |           |       |
|     Using RX_REG only            |     0 |     0 |           |       |
|     Using Both TX_REG and RX_REG |     0 |     0 |           |       |
|   SLR2 -> SLR1                   |  2552 |       |           | 11.08 |
|     Using TX_REG only            |     0 |     0 |           |       |
|     Using RX_REG only            |     0 |     0 |           |       |
|     Using Both TX_REG and RX_REG |     0 |     0 |           |       |
| SLR1 <-> SLR0                    |  5330 |       |     23040 | 23.13 |
|   SLR0 -> SLR1                   |  2785 |       |           | 12.09 |
|     Using TX_REG only            |     0 |     0 |           |       |
|     Using RX_REG only            |     0 |     0 |           |       |
|     Using Both TX_REG and RX_REG |     0 |     0 |           |       |
|   SLR1 -> SLR0                   |  2545 |       |           | 11.05 |
|     Using TX_REG only            |     0 |     0 |           |       |
|     Using RX_REG only            |     0 |     0 |           |       |
|     Using Both TX_REG and RX_REG |     0 |     0 |           |       |
+----------------------------------+-------+-------+-----------+-------+
| Total SLLs Used                  | 10510 |       |           |       |
+----------------------------------+-------+-------+-----------+-------+


2. SLR Connectivity Matrix
--------------------------

+-----------+------+------+------+
| FROM \ TO | SLR2 | SLR1 | SLR0 |
+-----------+------+------+------+
| SLR2      |    0 | 2452 |  100 |
| SLR1      | 2564 |    0 | 2445 |
| SLR0      |   64 | 2721 |    0 |
+-----------+------+------+------+


3. SLR CLB Logic and Dedicated Block Utilization
------------------------------------------------

+----------------------------+-------+-------+-------+--------+--------+--------+
|          Site Type         |  SLR0 |  SLR1 |  SLR2 | SLR0 % | SLR1 % | SLR2 % |
+----------------------------+-------+-------+-------+--------+--------+--------+
| CLB                        |  9286 | 11671 |  6864 |  16.90 |  21.61 |  12.71 |
|   CLBL                     |  4862 |  6330 |  3501 |  16.61 |  21.62 |  11.96 |
|   CLBM                     |  4424 |  5341 |  3363 |  17.23 |  21.61 |  13.60 |
| CLB LUTs                   | 33945 | 62647 | 25141 |   7.72 |  14.50 |   5.82 |
|   LUT as Logic             | 30631 | 58961 | 23616 |   6.97 |  13.65 |   5.47 |
|     using O5 output only   |  1006 |   917 |   432 |   0.23 |   0.21 |   0.10 |
|     using O6 output only   | 21971 | 44091 | 16756 |   5.00 |  10.21 |   3.88 |
|     using O5 and O6        |  7654 | 13953 |  6428 |   1.74 |   3.23 |   1.49 |
|   LUT as Memory            |  3314 |  3686 |  1525 |   1.61 |   1.86 |   0.77 |
|     LUT as Distributed RAM |  1152 |  3532 |   820 |   0.56 |   1.79 |   0.41 |
|       using O5 output only |     0 |     0 |     0 |   0.00 |   0.00 |   0.00 |
|       using O6 output only |   240 |   386 |     4 |   0.12 |   0.20 |  <0.01 |
|       using O5 and O6      |   912 |  3146 |   816 |   0.44 |   1.59 |   0.41 |
|     LUT as Shift Register  |  2162 |   154 |   705 |   1.05 |   0.08 |   0.36 |
|       using O5 output only |     0 |     0 |     0 |   0.00 |   0.00 |   0.00 |
|       using O6 output only |  1414 |    98 |   671 |   0.69 |   0.05 |   0.34 |
|       using O5 and O6      |   748 |    56 |    34 |   0.36 |   0.03 |   0.02 |
| CLB Registers              | 56457 | 73539 | 34735 |   6.42 |   8.51 |   4.02 |
| CARRY8                     |   332 |   653 |   103 |   0.60 |   1.21 |   0.19 |
| F7 Muxes                   |   904 |  1479 |   437 |   0.41 |   0.68 |   0.20 |
| F8 Muxes                   |   191 |   272 |     0 |   0.17 |   0.25 |   0.00 |
| F9 Muxes                   |     0 |     0 |     0 |   0.00 |   0.00 |   0.00 |
| Block RAM Tile             |  58.5 |    90 |    50 |   8.71 |  13.39 |   7.44 |
|   RAMB36/FIFO              |    55 |    90 |    50 |   8.18 |  13.39 |   7.44 |
|   RAMB18                   |     7 |     0 |     0 |   0.52 |   0.00 |   0.00 |
| URAM                       |     0 |     0 |     0 |   0.00 |   0.00 |   0.00 |
| DSPs                       |     0 |     0 |     4 |   0.00 |   0.00 |   0.13 |
| Unique Control Sets        |  2058 |  3449 |  1059 |   1.87 |   3.19 |   0.98 |
+----------------------------+-------+-------+-------+--------+--------+--------+
* Note: Available Control Sets based on CLB Registers / 8


4. SLR IO Utilization
---------------------

+-----------+-----------+---------+------------+----------+------------+----------+-----+
| SLR Index | Used IOBs | (%)IOBs | Used IPADs | (%)IPADs | Used OPADs | (%)OPADs | GTs |
+-----------+-----------+---------+------------+----------+------------+----------+-----+
| SLR2      |         0 |    0.00 |          0 |     0.00 |          0 |     0.00 |   0 |
| SLR1      |         0 |    0.00 |          0 |     0.00 |          0 |     0.00 |   0 |
| SLR0      |        12 |    5.77 |          0 |     0.00 |          0 |     0.00 |  16 |
+-----------+-----------+---------+------------+----------+------------+----------+-----+
| Total     |        12 |         |          0 |          |          0 |          |  16 |
+-----------+-----------+---------+------------+----------+------------+----------+-----+


