Copyright 1986-2022 Xilinx, Inc. All Rights Reserved. Copyright 2022-2023 Advanced Micro Devices, Inc. All Rights Reserved.
----------------------------------------------------------------------------------------------------------------------------------------------------------------------------------------------------
| Tool Version : Vivado v.2023.2 (lin64) Build 4029153 Fri Oct 13 20:13:54 MDT 2023
| Date         : Thu Aug 20 21:01:06 2026
| Host         : cdac running 64-bit Ubuntu 20.04.6 LTS
| Command      : report_accelerator_utilization -kernels { steane_qec_kernel:level0_i/ulp/steane_qec_kernel_1/inst:steane_qec_kernel_1} -file kernel_util_routed.rpt -name kernel_util_routed -json
| Design       : level0_wrapper
| Device       : xcu55c
| Design State : Routed
----------------------------------------------------------------------------------------------------------------------------------------------------------------------------------------------------

Accelerator Utilization Design Information

Table of Contents
-----------------
1. System Utilization

1. System Utilization
---------------------

+------------------------+-------------------+------------------+-------------------+----------------+---------------+----------------+
| Name                   | LUT               | LUTAsMem         | REG               | BRAM           | URAM          | DSP            |
+------------------------+-------------------+------------------+-------------------+----------------+---------------+----------------+
| Platform               |  120669 [  9.26%] |   8242 [  1.37%] |  163445 [  6.27%] |  198 [  9.82%] |   0 [  0.00%] |    4 [  0.04%] |
| User Budget            | 1183011 [100.00%] | 592718 [100.00%] | 2443915 [100.00%] | 1818 [100.00%] | 960 [100.00%] | 9020 [100.00%] |
|    Used Resources      |    1067 [  0.09%] |    283 [  0.05%] |    1286 [  0.05%] |    0 [  0.00%] |   0 [  0.00%] |    0 [  0.00%] |
|    Unused Resources    | 1181944 [ 99.91%] | 592435 [ 99.95%] | 2442629 [ 99.95%] | 1818 [100.00%] | 960 [100.00%] | 9020 [100.00%] |
| steane_qec_kernel      |    1067 [  0.09%] |    283 [  0.05%] |    1286 [  0.05%] |    0 [  0.00%] |   0 [  0.00%] |    0 [  0.00%] |
|    steane_qec_kernel_1 |    1067 [  0.09%] |    283 [  0.05%] |    1286 [  0.05%] |    0 [  0.00%] |   0 [  0.00%] |    0 [  0.00%] |
+------------------------+-------------------+------------------+-------------------+----------------+---------------+----------------+


