

================================================================
== Vitis HLS Report for 'shor_qec_kernel'
================================================================
* Date:           Wed Aug 19 13:58:55 2026

* Version:        2023.2 (Build 4023990 on Oct 11 2023)
* Project:        shor_qec_kernel_original_proj
* Solution:       solution1 (Vitis Kernel Flow Target)
* Product family: virtexuplusHBM
* Target device:  xcu55c-fsvh2892-2L-e


================================================================
== Performance Estimates
================================================================
+ Timing: 
    * Summary: 
    +--------+---------+----------+------------+
    |  Clock |  Target | Estimated| Uncertainty|
    +--------+---------+----------+------------+
    |ap_clk  |  3.33 ns|  2.318 ns|     0.90 ns|
    +--------+---------+----------+------------+

+ Latency: 
    * Summary: 
    +---------+---------+----------+----------+-----+-----+---------+
    |  Latency (cycles) |  Latency (absolute) |  Interval | Pipeline|
    |   min   |   max   |    min   |    max   | min | max |   Type  |
    +---------+---------+----------+----------+-----+-----+---------+
    |        1|        1|  3.330 ns|  3.330 ns|    1|    1|      yes|
    +---------+---------+----------+----------+-----+-----+---------+

    + Detail: 
        * Instance: 
        N/A

        * Loop: 
        N/A



================================================================
== Utilization Estimates
================================================================
* Summary: 
+---------------------+---------+------+---------+---------+-----+
|         Name        | BRAM_18K|  DSP |    FF   |   LUT   | URAM|
+---------------------+---------+------+---------+---------+-----+
|DSP                  |        -|     -|        -|        -|    -|
|Expression           |        -|     -|        0|       42|    -|
|FIFO                 |        -|     -|        -|        -|    -|
|Instance             |        0|     -|      106|      168|    0|
|Memory               |        1|     -|        0|        0|    -|
|Multiplexer          |        -|     -|        -|       18|    -|
|Register             |        -|     -|       84|        -|    -|
+---------------------+---------+------+---------+---------+-----+
|Total                |        1|     0|      190|      228|    0|
+---------------------+---------+------+---------+---------+-----+
|Available SLR        |     1344|  3008|   869120|   434560|  320|
+---------------------+---------+------+---------+---------+-----+
|Utilization SLR (%)  |       ~0|     0|       ~0|       ~0|    0|
+---------------------+---------+------+---------+---------+-----+
|Available            |     4032|  9024|  2607360|  1303680|  960|
+---------------------+---------+------+---------+---------+-----+
|Utilization (%)      |       ~0|     0|       ~0|       ~0|    0|
+---------------------+---------+------+---------+---------+-----+

+ Detail: 
    * Instance: 
    +-----------------+---------------+---------+----+-----+-----+-----+
    |     Instance    |     Module    | BRAM_18K| DSP|  FF | LUT | URAM|
    +-----------------+---------------+---------+----+-----+-----+-----+
    |control_s_axi_U  |control_s_axi  |        0|   0|  106|  168|    0|
    +-----------------+---------------+---------+----+-----+-----+-----+
    |Total            |               |        0|   0|  106|  168|    0|
    +-----------------+---------------+---------+----+-----+-----+-----+

    * DSP: 
    N/A

    * Memory: 
    +--------------------+------------------------------+---------+---+----+-----+------+-----+------+-------------+
    |       Memory       |            Module            | BRAM_18K| FF| LUT| URAM| Words| Bits| Banks| W*Bits*Banks|
    +--------------------+------------------------------+---------+---+----+-----+------+-----+------+-------------+
    |SHOR_DECODER_LUT_U  |SHOR_DECODER_LUT_ROM_AUTO_1R  |        1|  0|   0|    0|   256|   18|     1|         4608|
    +--------------------+------------------------------+---------+---+----+-----+------+-----+------+-------------+
    |Total               |                              |        1|  0|   0|    0|   256|   18|     1|         4608|
    +--------------------+------------------------------+---------+---+----+-----+------+-----+------+-------------+

    * FIFO: 
    N/A

    * Expression: 
    +---------------------------+----------+----+---+----+------------+------------+
    |       Variable Name       | Operation| DSP| FF| LUT| Bitwidth P0| Bitwidth P1|
    +---------------------------+----------+----+---+----+------------+------------+
    |ap_block_pp0_stage0_11001  |        or|   0|  0|   2|           1|           1|
    |ap_enable_pp0              |       xor|   0|  0|   2|           1|           2|
    |x_fixed_fu_302_p2          |       xor|   0|  0|   7|           7|           7|
    |x_logical_err_fu_346_p2    |       xor|   0|  0|   2|           1|           1|
    |xor_ln109_fu_125_p2        |       xor|   0|  0|   2|           1|           1|
    |xor_ln110_fu_139_p2        |       xor|   0|  0|   2|           1|           1|
    |xor_ln111_fu_161_p2        |       xor|   0|  0|   2|           1|           1|
    |xor_ln112_fu_175_p2        |       xor|   0|  0|   2|           1|           1|
    |xor_ln113_fu_197_p2        |       xor|   0|  0|   2|           1|           1|
    |xor_ln114_fu_211_p2        |       xor|   0|  0|   2|           1|           1|
    |xor_ln210_1_fu_308_p2      |       xor|   0|  0|   4|           4|           4|
    |xor_ln226_1_fu_340_p2      |       xor|   0|  0|   2|           1|           1|
    |xor_ln226_fu_335_p2        |       xor|   0|  0|   2|           1|           1|
    |z_fixed_fu_314_p2          |       xor|   0|  0|   9|           9|           9|
    +---------------------------+----------+----+---+----+------------+------------+
    |Total                      |          |   0|  0|  42|          31|          32|
    +---------------------------+----------+----+---+----+------------+------------+

    * Multiplexer: 
    +-----------+----+-----------+-----+-----------+
    |    Name   | LUT| Input Size| Bits| Total Bits|
    +-----------+----+-----------+-----+-----------+
    |ap_done    |   9|          2|    1|          2|
    |ap_return  |   9|          2|   28|         56|
    +-----------+----+-----------+-----+-----------+
    |Total      |  18|          4|   29|         58|
    +-----------+----+-----------+-----+-----------+

    * Register: 
    +--------------------------+----+----+-----+-----------+
    |           Name           | FF | LUT| Bits| Const Bits|
    +--------------------------+----+----+-----+-----------+
    |ap_CS_fsm                 |   1|   0|    1|          0|
    |ap_done_reg               |   1|   0|    1|          0|
    |ap_enable_reg_pp0_iter1   |   1|   0|    1|          0|
    |ap_return_preg            |  28|   0|   32|          4|
    |ap_rst_n_inv              |   1|   0|    1|          0|
    |ap_rst_reg_1              |   1|   0|    1|          0|
    |ap_rst_reg_2              |   1|   0|    1|          0|
    |err_in_read_reg_380       |  32|   0|   32|          0|
    |trunc_ln188_2_reg_386     |   1|   0|    1|          0|
    |xor_ln109_reg_396         |   1|   0|    1|          0|
    |xor_ln110_reg_401         |   1|   0|    1|          0|
    |xor_ln111_reg_406         |   1|   0|    1|          0|
    |xor_ln112_reg_411         |   1|   0|    1|          0|
    |xor_ln113_reg_416         |   1|   0|    1|          0|
    |xor_ln114_reg_421         |   1|   0|    1|          0|
    |xor_reduce_i15_i_reg_426  |   1|   0|    1|          0|
    |xor_reduce_i_i_reg_431    |   1|   0|    1|          0|
    |z_err_reg_391             |   9|   0|    9|          0|
    +--------------------------+----+----+-----+-----------+
    |Total                     |  84|   0|   88|          4|
    +--------------------------+----+----+-----+-----------+



================================================================
== Interface
================================================================
* Summary: 
+-----------------------+-----+-----+---------------+-----------------+--------------+
|       RTL Ports       | Dir | Bits|    Protocol   |  Source Object  |    C Type    |
+-----------------------+-----+-----+---------------+-----------------+--------------+
|s_axi_control_AWVALID  |   in|    1|          s_axi|          control|        scalar|
|s_axi_control_AWREADY  |  out|    1|          s_axi|          control|        scalar|
|s_axi_control_AWADDR   |   in|    5|          s_axi|          control|        scalar|
|s_axi_control_WVALID   |   in|    1|          s_axi|          control|        scalar|
|s_axi_control_WREADY   |  out|    1|          s_axi|          control|        scalar|
|s_axi_control_WDATA    |   in|   32|          s_axi|          control|        scalar|
|s_axi_control_WSTRB    |   in|    4|          s_axi|          control|        scalar|
|s_axi_control_ARVALID  |   in|    1|          s_axi|          control|        scalar|
|s_axi_control_ARREADY  |  out|    1|          s_axi|          control|        scalar|
|s_axi_control_ARADDR   |   in|    5|          s_axi|          control|        scalar|
|s_axi_control_RVALID   |  out|    1|          s_axi|          control|        scalar|
|s_axi_control_RREADY   |   in|    1|          s_axi|          control|        scalar|
|s_axi_control_RDATA    |  out|   32|          s_axi|          control|        scalar|
|s_axi_control_RRESP    |  out|    2|          s_axi|          control|        scalar|
|s_axi_control_BVALID   |  out|    1|          s_axi|          control|        scalar|
|s_axi_control_BREADY   |   in|    1|          s_axi|          control|        scalar|
|s_axi_control_BRESP    |  out|    2|          s_axi|          control|        scalar|
|ap_clk                 |   in|    1|  ap_ctrl_chain|  shor_qec_kernel|  return value|
|ap_rst_n               |   in|    1|  ap_ctrl_chain|  shor_qec_kernel|  return value|
|interrupt              |  out|    1|  ap_ctrl_chain|  shor_qec_kernel|  return value|
+-----------------------+-----+-----+---------------+-----------------+--------------+

