

================================================================
== Vitis HLS Report for 'steane_qec_kernel'
================================================================
* Date:           Wed Aug 19 14:00:06 2026

* Version:        2023.2 (Build 4023990 on Oct 11 2023)
* Project:        steane_qec_kernel_proj
* Solution:       solution1 (Vitis Kernel Flow Target)
* Product family: virtexuplusHBM
* Target device:  xcu55c-fsvh2892-2L-e


================================================================
== Performance Estimates
================================================================
+ Timing: 
    * Summary: 
    +--------+---------+----------+------------+
    |  Clock |  Target | Estimated| Uncertainty|
    +--------+---------+----------+------------+
    |ap_clk  |  3.33 ns|  2.431 ns|     0.90 ns|
    +--------+---------+----------+------------+

+ Latency: 
    * Summary: 
    +---------+---------+----------+----------+-----+-----+---------+
    |  Latency (cycles) |  Latency (absolute) |  Interval | Pipeline|
    |   min   |   max   |    min   |    max   | min | max |   Type  |
    +---------+---------+----------+----------+-----+-----+---------+
    |       71|       71|  0.236 us|  0.236 us|    1|    1|      yes|
    +---------+---------+----------+----------+-----+-----+---------+

    + Detail: 
        * Instance: 
        N/A

        * Loop: 
        N/A



================================================================
== Utilization Estimates
================================================================
* Summary: 
+---------------------+---------+------+---------+---------+-----+
|         Name        | BRAM_18K|  DSP |    FF   |   LUT   | URAM|
+---------------------+---------+------+---------+---------+-----+
|DSP                  |        -|     -|        -|        -|    -|
|Expression           |        -|     -|        0|      506|    -|
|FIFO                 |        -|     -|        -|        -|    -|
|Instance             |        2|     -|      872|     1016|    0|
|Memory               |        0|     -|        8|        9|    -|
|Multiplexer          |        -|     -|        -|       45|    -|
|Register             |        -|     -|      805|      256|    -|
+---------------------+---------+------+---------+---------+-----+
|Total                |        2|     0|     1685|     1832|    0|
+---------------------+---------+------+---------+---------+-----+
|Available SLR        |     1344|  3008|   869120|   434560|  320|
+---------------------+---------+------+---------+---------+-----+
|Utilization SLR (%)  |       ~0|     0|       ~0|       ~0|    0|
+---------------------+---------+------+---------+---------+-----+
|Available            |     4032|  9024|  2607360|  1303680|  960|
+---------------------+---------+------+---------+---------+-----+
|Utilization (%)      |       ~0|     0|       ~0|       ~0|    0|
+---------------------+---------+------+---------+---------+-----+

+ Detail: 
    * Instance: 
    +-----------------+---------------+---------+----+-----+-----+-----+
    |     Instance    |     Module    | BRAM_18K| DSP|  FF | LUT | URAM|
    +-----------------+---------------+---------+----+-----+-----+-----+
    |control_s_axi_U  |control_s_axi  |        0|   0|  176|  296|    0|
    |gmem_m_axi_U     |gmem_m_axi     |        2|   0|  696|  720|    0|
    +-----------------+---------------+---------+----+-----+-----+-----+
    |Total            |               |        2|   0|  872| 1016|    0|
    +-----------------+---------------+---------+----+-----+-----+-----+

    * DSP: 
    N/A

    * Memory: 
    +--------------+------------------------+---------+---+----+-----+------+-----+------+-------------+
    |    Memory    |         Module         | BRAM_18K| FF| LUT| URAM| Words| Bits| Banks| W*Bits*Banks|
    +--------------+------------------------+---------+---+----+-----+------+-----+------+-------------+
    |STEANE_LUT_U  |STEANE_LUT_ROM_AUTO_1R  |        0|  8|   9|    0|     8|    7|     1|           56|
    +--------------+------------------------+---------+---+----+-----+------+-----+------+-------------+
    |Total         |                        |        0|  8|   9|    0|     8|    7|     1|           56|
    +--------------+------------------------+---------+---+----+-----+------+-----+------+-------------+

    * FIFO: 
    N/A

    * Expression: 
    +---------------------------+----------+----+---+----+------------+------------+
    |       Variable Name       | Operation| DSP| FF| LUT| Bitwidth P0| Bitwidth P1|
    +---------------------------+----------+----+---+----+------------+------------+
    |and_ln145_1_fu_851_p2      |       and|   0|  0|   2|           1|           1|
    |and_ln145_fu_818_p2        |       and|   0|  0|   2|           1|           1|
    |and_ln194_fu_1196_p2       |       and|   0|  0|   2|           1|           1|
    |and_ln98_10_fu_1239_p2     |       and|   0|  0|   2|           1|           1|
    |and_ln98_11_fu_1245_p2     |       and|   0|  0|   2|           1|           1|
    |and_ln98_12_fu_1263_p2     |       and|   0|  0|   2|           1|           1|
    |and_ln98_13_fu_1269_p2     |       and|   0|  0|   2|           1|           1|
    |and_ln98_14_fu_1287_p2     |       and|   0|  0|   2|           1|           1|
    |and_ln98_15_fu_1292_p2     |       and|   0|  0|   2|           1|           1|
    |and_ln98_1_fu_1049_p2      |       and|   0|  0|   2|           1|           1|
    |and_ln98_2_fu_1073_p2      |       and|   0|  0|   2|           1|           1|
    |and_ln98_3_fu_1097_p2      |       and|   0|  0|   2|           1|           1|
    |and_ln98_4_fu_1121_p2      |       and|   0|  0|   2|           1|           1|
    |and_ln98_5_fu_832_p2       |       and|   0|  0|   2|           1|           1|
    |and_ln98_6_fu_1169_p2      |       and|   0|  0|   2|           1|           1|
    |and_ln98_7_fu_1174_p2      |       and|   0|  0|   2|           1|           1|
    |and_ln98_8_fu_1215_p2      |       and|   0|  0|   2|           1|           1|
    |and_ln98_9_fu_1221_p2      |       and|   0|  0|   2|           1|           1|
    |and_ln98_fu_1026_p2        |       and|   0|  0|   2|           1|           1|
    |corr_28_fu_479_p2          |      icmp|   0|  0|  10|           3|           1|
    |corr_fu_513_p2             |      icmp|   0|  0|  10|           3|           1|
    |icmp_ln145_10_fu_703_p2    |      icmp|   0|  0|  10|           3|           3|
    |icmp_ln145_11_fu_738_p2    |      icmp|   0|  0|  10|           3|           3|
    |icmp_ln145_12_fu_773_p2    |      icmp|   0|  0|  10|           3|           2|
    |icmp_ln145_1_fu_541_p2     |      icmp|   0|  0|  10|           3|           2|
    |icmp_ln145_2_fu_559_p2     |      icmp|   0|  0|  12|           3|           4|
    |icmp_ln145_3_fu_577_p2     |      icmp|   0|  0|  10|           3|           3|
    |icmp_ln145_4_fu_595_p2     |      icmp|   0|  0|  10|           3|           3|
    |icmp_ln145_5_fu_609_p2     |      icmp|   0|  0|  10|           3|           2|
    |icmp_ln145_7_fu_485_p2     |      icmp|   0|  0|  10|           3|           2|
    |icmp_ln145_8_fu_491_p2     |      icmp|   0|  0|  10|           3|           2|
    |icmp_ln145_9_fu_669_p2     |      icmp|   0|  0|  12|           3|           4|
    |icmp_ln145_fu_523_p2       |      icmp|   0|  0|  10|           3|           2|
    |icmp_ln194_1_fu_813_p2     |      icmp|   0|  0|   9|           2|           1|
    |icmp_ln194_2_fu_1186_p2    |      icmp|   0|  0|   9|           2|           1|
    |icmp_ln194_3_fu_1191_p2    |      icmp|   0|  0|  10|           2|           3|
    |icmp_ln194_fu_808_p2       |      icmp|   0|  0|  10|           2|           3|
    |ap_block_pp0_stage0_01001  |        or|   0|  0|   2|           1|           1|
    |ap_block_pp0_stage0_11001  |        or|   0|  0|   2|           1|           1|
    |or_ln98_1_fu_1062_p2       |        or|   0|  0|   2|           1|           1|
    |or_ln98_2_fu_1086_p2       |        or|   0|  0|   2|           1|           1|
    |or_ln98_3_fu_1110_p2       |        or|   0|  0|   2|           1|           1|
    |or_ln98_fu_1039_p2         |        or|   0|  0|   2|           1|           1|
    |corr_10_fu_983_p3          |    select|   0|  0|   7|           1|           7|
    |corr_11_fu_990_p3          |    select|   0|  0|   8|           1|           8|
    |corr_13_fu_1007_p3         |    select|   0|  0|   7|           1|           7|
    |corr_17_fu_628_p3          |    select|   0|  0|   2|           1|           2|
    |corr_19_fu_658_p3          |    select|   0|  0|   3|           1|           3|
    |corr_21_fu_695_p3          |    select|   0|  0|   7|           1|           7|
    |corr_23_fu_730_p3          |    select|   0|  0|   7|           1|           7|
    |corr_25_fu_765_p3          |    select|   0|  0|   7|           1|           7|
    |corr_27_fu_800_p3          |    select|   0|  0|   8|           1|           8|
    |corr_29_fu_1126_p3         |    select|   0|  0|   7|           1|           7|
    |corr_2_fu_898_p3           |    select|   0|  0|   2|           1|           2|
    |corr_4_fu_919_p3           |    select|   0|  0|   3|           1|           3|
    |corr_6_fu_943_p3           |    select|   0|  0|   7|           1|           7|
    |corr_8_fu_963_p3           |    select|   0|  0|   7|           1|           7|
    |select_ln145_1_fu_857_p3   |    select|   0|  0|   7|           1|           7|
    |select_ln145_fu_824_p3     |    select|   0|  0|   7|           1|           7|
    |select_ln194_2_fu_1202_p3  |    select|   0|  0|   7|           1|           7|
    |select_ln194_fu_1146_p3    |    select|   0|  0|   7|           1|           7|
    |select_ln98_10_fu_778_p3   |    select|   0|  0|   7|           1|           7|
    |select_ln98_11_fu_1014_p3  |    select|   0|  0|   7|           1|           7|
    |select_ln98_12_fu_1031_p3  |    select|   0|  0|   7|           1|           7|
    |select_ln98_13_fu_1054_p3  |    select|   0|  0|   7|           1|           7|
    |select_ln98_14_fu_1078_p3  |    select|   0|  0|   7|           1|           7|
    |select_ln98_15_fu_1102_p3  |    select|   0|  0|   7|           1|           7|
    |select_ln98_18_fu_837_p3   |    select|   0|  0|   7|           1|           7|
    |select_ln98_19_fu_1179_p3  |    select|   0|  0|   7|           1|           7|
    |select_ln98_1_fu_547_p3    |    select|   0|  0|   4|           1|           4|
    |select_ln98_20_fu_1226_p3  |    select|   0|  0|   7|           1|           7|
    |select_ln98_21_fu_1250_p3  |    select|   0|  0|   7|           1|           7|
    |select_ln98_22_fu_1274_p3  |    select|   0|  0|   7|           1|           7|
    |select_ln98_2_fu_565_p3    |    select|   0|  0|   5|           1|           5|
    |select_ln98_3_fu_583_p3    |    select|   0|  0|   6|           1|           6|
    |select_ln98_4_fu_601_p3    |    select|   0|  0|   7|           1|           7|
    |select_ln98_6_fu_639_p3    |    select|   0|  0|   3|           1|           3|
    |select_ln98_7_fu_674_p3    |    select|   0|  0|   4|           1|           4|
    |select_ln98_8_fu_708_p3    |    select|   0|  0|   5|           1|           5|
    |select_ln98_9_fu_743_p3    |    select|   0|  0|   6|           1|           6|
    |select_ln98_fu_529_p3      |    select|   0|  0|   3|           1|           3|
    |x_corr_2_fu_1153_p3        |    select|   0|  0|   7|           1|           7|
    |z_corr_1_fu_1298_p3        |    select|   0|  0|   7|           1|           7|
    |ap_enable_pp0              |       xor|   0|  0|   2|           1|           2|
    |x_fixed_fu_1309_p2         |       xor|   0|  0|   3|           3|           3|
    |xor_ln145_fu_845_p2        |       xor|   0|  0|   2|           1|           2|
    |xor_ln98_1_fu_1043_p2      |       xor|   0|  0|   2|           1|           2|
    |xor_ln98_2_fu_1067_p2      |       xor|   0|  0|   2|           1|           2|
    |xor_ln98_3_fu_1091_p2      |       xor|   0|  0|   2|           1|           2|
    |xor_ln98_4_fu_1115_p2      |       xor|   0|  0|   2|           1|           2|
    |xor_ln98_5_fu_1164_p2      |       xor|   0|  0|   2|           1|           2|
    |xor_ln98_6_fu_1210_p2      |       xor|   0|  0|   2|           1|           2|
    |xor_ln98_7_fu_1234_p2      |       xor|   0|  0|   2|           1|           2|
    |xor_ln98_8_fu_1258_p2      |       xor|   0|  0|   2|           1|           2|
    |xor_ln98_9_fu_1282_p2      |       xor|   0|  0|   2|           1|           2|
    |xor_ln98_fu_1021_p2        |       xor|   0|  0|   2|           1|           2|
    |z_fixed_fu_1314_p2         |       xor|   0|  0|   3|           3|           3|
    +---------------------------+----------+----+---+----+------------+------------+
    |Total                      |          |   0|  0| 506|         133|         341|
    +---------------------------+----------+----+---+----+------------+------------+

    * Multiplexer: 
    +---------------+----+-----------+-----+-----------+
    |      Name     | LUT| Input Size| Bits| Total Bits|
    +---------------+----+-----------+-----+-----------+
    |ap_done        |   9|          2|    1|          2|
    |ap_return      |   9|          2|   24|         48|
    |gmem_blk_n_AW  |   9|          2|    1|          2|
    |gmem_blk_n_B   |   9|          2|    1|          2|
    |gmem_blk_n_W   |   9|          2|    1|          2|
    +---------------+----+-----------+-----+-----------+
    |Total          |  45|         10|   28|         56|
    +---------------+----+-----------+-----+-----------+

    * Register: 
    +-------------------------------------+----+----+-----+-----------+
    |                 Name                | FF | LUT| Bits| Const Bits|
    +-------------------------------------+----+----+-----+-----------+
    |ap_CS_fsm                            |   1|   0|    1|          0|
    |ap_done_reg                          |   1|   0|    1|          0|
    |ap_enable_reg_pp0_iter1              |   1|   0|    1|          0|
    |ap_enable_reg_pp0_iter10             |   1|   0|    1|          0|
    |ap_enable_reg_pp0_iter11             |   1|   0|    1|          0|
    |ap_enable_reg_pp0_iter12             |   1|   0|    1|          0|
    |ap_enable_reg_pp0_iter13             |   1|   0|    1|          0|
    |ap_enable_reg_pp0_iter14             |   1|   0|    1|          0|
    |ap_enable_reg_pp0_iter15             |   1|   0|    1|          0|
    |ap_enable_reg_pp0_iter16             |   1|   0|    1|          0|
    |ap_enable_reg_pp0_iter17             |   1|   0|    1|          0|
    |ap_enable_reg_pp0_iter18             |   1|   0|    1|          0|
    |ap_enable_reg_pp0_iter19             |   1|   0|    1|          0|
    |ap_enable_reg_pp0_iter2              |   1|   0|    1|          0|
    |ap_enable_reg_pp0_iter20             |   1|   0|    1|          0|
    |ap_enable_reg_pp0_iter21             |   1|   0|    1|          0|
    |ap_enable_reg_pp0_iter22             |   1|   0|    1|          0|
    |ap_enable_reg_pp0_iter23             |   1|   0|    1|          0|
    |ap_enable_reg_pp0_iter24             |   1|   0|    1|          0|
    |ap_enable_reg_pp0_iter25             |   1|   0|    1|          0|
    |ap_enable_reg_pp0_iter26             |   1|   0|    1|          0|
    |ap_enable_reg_pp0_iter27             |   1|   0|    1|          0|
    |ap_enable_reg_pp0_iter28             |   1|   0|    1|          0|
    |ap_enable_reg_pp0_iter29             |   1|   0|    1|          0|
    |ap_enable_reg_pp0_iter3              |   1|   0|    1|          0|
    |ap_enable_reg_pp0_iter30             |   1|   0|    1|          0|
    |ap_enable_reg_pp0_iter31             |   1|   0|    1|          0|
    |ap_enable_reg_pp0_iter32             |   1|   0|    1|          0|
    |ap_enable_reg_pp0_iter33             |   1|   0|    1|          0|
    |ap_enable_reg_pp0_iter34             |   1|   0|    1|          0|
    |ap_enable_reg_pp0_iter35             |   1|   0|    1|          0|
    |ap_enable_reg_pp0_iter36             |   1|   0|    1|          0|
    |ap_enable_reg_pp0_iter37             |   1|   0|    1|          0|
    |ap_enable_reg_pp0_iter38             |   1|   0|    1|          0|
    |ap_enable_reg_pp0_iter39             |   1|   0|    1|          0|
    |ap_enable_reg_pp0_iter4              |   1|   0|    1|          0|
    |ap_enable_reg_pp0_iter40             |   1|   0|    1|          0|
    |ap_enable_reg_pp0_iter41             |   1|   0|    1|          0|
    |ap_enable_reg_pp0_iter42             |   1|   0|    1|          0|
    |ap_enable_reg_pp0_iter43             |   1|   0|    1|          0|
    |ap_enable_reg_pp0_iter44             |   1|   0|    1|          0|
    |ap_enable_reg_pp0_iter45             |   1|   0|    1|          0|
    |ap_enable_reg_pp0_iter46             |   1|   0|    1|          0|
    |ap_enable_reg_pp0_iter47             |   1|   0|    1|          0|
    |ap_enable_reg_pp0_iter48             |   1|   0|    1|          0|
    |ap_enable_reg_pp0_iter49             |   1|   0|    1|          0|
    |ap_enable_reg_pp0_iter5              |   1|   0|    1|          0|
    |ap_enable_reg_pp0_iter50             |   1|   0|    1|          0|
    |ap_enable_reg_pp0_iter51             |   1|   0|    1|          0|
    |ap_enable_reg_pp0_iter52             |   1|   0|    1|          0|
    |ap_enable_reg_pp0_iter53             |   1|   0|    1|          0|
    |ap_enable_reg_pp0_iter54             |   1|   0|    1|          0|
    |ap_enable_reg_pp0_iter55             |   1|   0|    1|          0|
    |ap_enable_reg_pp0_iter56             |   1|   0|    1|          0|
    |ap_enable_reg_pp0_iter57             |   1|   0|    1|          0|
    |ap_enable_reg_pp0_iter58             |   1|   0|    1|          0|
    |ap_enable_reg_pp0_iter59             |   1|   0|    1|          0|
    |ap_enable_reg_pp0_iter6              |   1|   0|    1|          0|
    |ap_enable_reg_pp0_iter60             |   1|   0|    1|          0|
    |ap_enable_reg_pp0_iter61             |   1|   0|    1|          0|
    |ap_enable_reg_pp0_iter62             |   1|   0|    1|          0|
    |ap_enable_reg_pp0_iter63             |   1|   0|    1|          0|
    |ap_enable_reg_pp0_iter64             |   1|   0|    1|          0|
    |ap_enable_reg_pp0_iter65             |   1|   0|    1|          0|
    |ap_enable_reg_pp0_iter66             |   1|   0|    1|          0|
    |ap_enable_reg_pp0_iter67             |   1|   0|    1|          0|
    |ap_enable_reg_pp0_iter68             |   1|   0|    1|          0|
    |ap_enable_reg_pp0_iter69             |   1|   0|    1|          0|
    |ap_enable_reg_pp0_iter7              |   1|   0|    1|          0|
    |ap_enable_reg_pp0_iter70             |   1|   0|    1|          0|
    |ap_enable_reg_pp0_iter71             |   1|   0|    1|          0|
    |ap_enable_reg_pp0_iter8              |   1|   0|    1|          0|
    |ap_enable_reg_pp0_iter9              |   1|   0|    1|          0|
    |ap_return_preg                       |  24|   0|   32|          8|
    |ap_rst_n_inv                         |   1|   0|    1|          0|
    |ap_rst_reg_1                         |   1|   0|    1|          0|
    |ap_rst_reg_2                         |   1|   0|    1|          0|
    |corr_28_reg_1420                     |   1|   0|    1|          0|
    |corr_28_reg_1420_pp0_iter1_reg       |   1|   0|    1|          0|
    |corr_reg_1455                        |   1|   0|    1|          0|
    |err_1_cast_reg_1364                  |   3|   0|    3|          0|
    |err_1_cast_reg_1364_pp0_iter1_reg    |   3|   0|    3|          0|
    |gmem_addr_reg_1592                   |  64|   0|   64|          0|
    |icmp_ln145_10_reg_1550               |   1|   0|    1|          0|
    |icmp_ln145_11_reg_1561               |   1|   0|    1|          0|
    |icmp_ln145_1_reg_1481                |   1|   0|    1|          0|
    |icmp_ln145_2_reg_1493                |   1|   0|    1|          0|
    |icmp_ln145_3_reg_1505                |   1|   0|    1|          0|
    |icmp_ln145_4_reg_1517                |   1|   0|    1|          0|
    |icmp_ln145_5_reg_1528                |   1|   0|    1|          0|
    |icmp_ln145_7_reg_1429                |   1|   0|    1|          0|
    |icmp_ln145_7_reg_1429_pp0_iter1_reg  |   1|   0|    1|          0|
    |icmp_ln145_8_reg_1437                |   1|   0|    1|          0|
    |icmp_ln145_8_reg_1437_pp0_iter1_reg  |   1|   0|    1|          0|
    |icmp_ln145_9_reg_1539                |   1|   0|    1|          0|
    |icmp_ln145_reg_1469                  |   1|   0|    1|          0|
    |icmp_ln194_1_reg_1581                |   1|   0|    1|          0|
    |icmp_ln194_reg_1576                  |   1|   0|    1|          0|
    |mode_reg_1369                        |   2|   0|    2|          0|
    |s_1_reg_1411                         |   3|   0|    3|          0|
    |select_ln145_1_reg_1587              |   7|   0|    7|          0|
    |select_ln98_1_reg_1488               |   3|   0|    3|          0|
    |select_ln98_2_reg_1500               |   4|   0|    4|          0|
    |select_ln98_3_reg_1512               |   5|   0|    5|          0|
    |select_ln98_4_reg_1523               |   6|   0|    6|          0|
    |select_ln98_6_reg_1534               |   2|   0|    2|          0|
    |select_ln98_7_reg_1545               |   3|   0|    3|          0|
    |select_ln98_8_reg_1556               |   4|   0|    4|          0|
    |select_ln98_9_reg_1566               |   5|   0|    5|          0|
    |select_ln98_reg_1476                 |   2|   0|    2|          0|
    |trunc_ln183_reg_1359                 |   3|   0|    3|          0|
    |trunc_ln183_reg_1359_pp0_iter1_reg   |   3|   0|    3|          0|
    |x_corr_2_reg_1598                    |   7|   0|    7|          0|
    |x_logical_err_reg_1608               |   1|   0|    1|          0|
    |xor_reduce_i_i1_reg_1378             |   1|   0|    1|          0|
    |xor_reduce_i_i412_1_reg_1384         |   1|   0|    1|          0|
    |xor_reduce_i_i412_2_reg_1390         |   1|   0|    1|          0|
    |xor_reduce_i_i_1_reg_1401            |   1|   0|    1|          0|
    |xor_reduce_i_i_2_reg_1406            |   1|   0|    1|          0|
    |xor_reduce_i_i_reg_1396              |   1|   0|    1|          0|
    |z_corr_1_reg_1603                    |   7|   0|    7|          0|
    |z_logical_err_reg_1613               |   1|   0|    1|          0|
    |zext_ln146_17_reg_1571               |   6|   0|    7|          1|
    |zext_ln220_reg_1618                  |  24|   0|   32|          8|
    |zext_ln93_reg_1464                   |   1|   0|    2|          1|
    |mode_reg_1369                        |  64|  32|    2|          0|
    |xor_reduce_i_i1_reg_1378             |  64|  32|    1|          0|
    |xor_reduce_i_i412_1_reg_1384         |  64|  32|    1|          0|
    |xor_reduce_i_i412_2_reg_1390         |  64|  32|    1|          0|
    |xor_reduce_i_i_1_reg_1401            |  64|  32|    1|          0|
    |xor_reduce_i_i_2_reg_1406            |  64|  32|    1|          0|
    |xor_reduce_i_i_reg_1396              |  64|  32|    1|          0|
    |zext_ln220_reg_1618                  |  64|  32|   32|          8|
    +-------------------------------------+----+----+-----+-----------+
    |Total                                | 805| 256|  351|         26|
    +-------------------------------------+----+----+-----+-----------+



================================================================
== Interface
================================================================
* Summary: 
+-----------------------+-----+-----+---------------+-------------------+--------------+
|       RTL Ports       | Dir | Bits|    Protocol   |   Source Object   |    C Type    |
+-----------------------+-----+-----+---------------+-------------------+--------------+
|s_axi_control_AWVALID  |   in|    1|          s_axi|            control|        scalar|
|s_axi_control_AWREADY  |  out|    1|          s_axi|            control|        scalar|
|s_axi_control_AWADDR   |   in|    6|          s_axi|            control|        scalar|
|s_axi_control_WVALID   |   in|    1|          s_axi|            control|        scalar|
|s_axi_control_WREADY   |  out|    1|          s_axi|            control|        scalar|
|s_axi_control_WDATA    |   in|   32|          s_axi|            control|        scalar|
|s_axi_control_WSTRB    |   in|    4|          s_axi|            control|        scalar|
|s_axi_control_ARVALID  |   in|    1|          s_axi|            control|        scalar|
|s_axi_control_ARREADY  |  out|    1|          s_axi|            control|        scalar|
|s_axi_control_ARADDR   |   in|    6|          s_axi|            control|        scalar|
|s_axi_control_RVALID   |  out|    1|          s_axi|            control|        scalar|
|s_axi_control_RREADY   |   in|    1|          s_axi|            control|        scalar|
|s_axi_control_RDATA    |  out|   32|          s_axi|            control|        scalar|
|s_axi_control_RRESP    |  out|    2|          s_axi|            control|        scalar|
|s_axi_control_BVALID   |  out|    1|          s_axi|            control|        scalar|
|s_axi_control_BREADY   |   in|    1|          s_axi|            control|        scalar|
|s_axi_control_BRESP    |  out|    2|          s_axi|            control|        scalar|
|ap_clk                 |   in|    1|  ap_ctrl_chain|  steane_qec_kernel|  return value|
|ap_rst_n               |   in|    1|  ap_ctrl_chain|  steane_qec_kernel|  return value|
|interrupt              |  out|    1|  ap_ctrl_chain|  steane_qec_kernel|  return value|
|m_axi_gmem_AWVALID     |  out|    1|          m_axi|               gmem|       pointer|
|m_axi_gmem_AWREADY     |   in|    1|          m_axi|               gmem|       pointer|
|m_axi_gmem_AWADDR      |  out|   64|          m_axi|               gmem|       pointer|
|m_axi_gmem_AWID        |  out|    1|          m_axi|               gmem|       pointer|
|m_axi_gmem_AWLEN       |  out|    8|          m_axi|               gmem|       pointer|
|m_axi_gmem_AWSIZE      |  out|    3|          m_axi|               gmem|       pointer|
|m_axi_gmem_AWBURST     |  out|    2|          m_axi|               gmem|       pointer|
|m_axi_gmem_AWLOCK      |  out|    2|          m_axi|               gmem|       pointer|
|m_axi_gmem_AWCACHE     |  out|    4|          m_axi|               gmem|       pointer|
|m_axi_gmem_AWPROT      |  out|    3|          m_axi|               gmem|       pointer|
|m_axi_gmem_AWQOS       |  out|    4|          m_axi|               gmem|       pointer|
|m_axi_gmem_AWREGION    |  out|    4|          m_axi|               gmem|       pointer|
|m_axi_gmem_AWUSER      |  out|    1|          m_axi|               gmem|       pointer|
|m_axi_gmem_WVALID      |  out|    1|          m_axi|               gmem|       pointer|
|m_axi_gmem_WREADY      |   in|    1|          m_axi|               gmem|       pointer|
|m_axi_gmem_WDATA       |  out|   32|          m_axi|               gmem|       pointer|
|m_axi_gmem_WSTRB       |  out|    4|          m_axi|               gmem|       pointer|
|m_axi_gmem_WLAST       |  out|    1|          m_axi|               gmem|       pointer|
|m_axi_gmem_WID         |  out|    1|          m_axi|               gmem|       pointer|
|m_axi_gmem_WUSER       |  out|    1|          m_axi|               gmem|       pointer|
|m_axi_gmem_ARVALID     |  out|    1|          m_axi|               gmem|       pointer|
|m_axi_gmem_ARREADY     |   in|    1|          m_axi|               gmem|       pointer|
|m_axi_gmem_ARADDR      |  out|   64|          m_axi|               gmem|       pointer|
|m_axi_gmem_ARID        |  out|    1|          m_axi|               gmem|       pointer|
|m_axi_gmem_ARLEN       |  out|    8|          m_axi|               gmem|       pointer|
|m_axi_gmem_ARSIZE      |  out|    3|          m_axi|               gmem|       pointer|
|m_axi_gmem_ARBURST     |  out|    2|          m_axi|               gmem|       pointer|
|m_axi_gmem_ARLOCK      |  out|    2|          m_axi|               gmem|       pointer|
|m_axi_gmem_ARCACHE     |  out|    4|          m_axi|               gmem|       pointer|
|m_axi_gmem_ARPROT      |  out|    3|          m_axi|               gmem|       pointer|
|m_axi_gmem_ARQOS       |  out|    4|          m_axi|               gmem|       pointer|
|m_axi_gmem_ARREGION    |  out|    4|          m_axi|               gmem|       pointer|
|m_axi_gmem_ARUSER      |  out|    1|          m_axi|               gmem|       pointer|
|m_axi_gmem_RVALID      |   in|    1|          m_axi|               gmem|       pointer|
|m_axi_gmem_RREADY      |  out|    1|          m_axi|               gmem|       pointer|
|m_axi_gmem_RDATA       |   in|   32|          m_axi|               gmem|       pointer|
|m_axi_gmem_RLAST       |   in|    1|          m_axi|               gmem|       pointer|
|m_axi_gmem_RID         |   in|    1|          m_axi|               gmem|       pointer|
|m_axi_gmem_RUSER       |   in|    1|          m_axi|               gmem|       pointer|
|m_axi_gmem_RRESP       |   in|    2|          m_axi|               gmem|       pointer|
|m_axi_gmem_BVALID      |   in|    1|          m_axi|               gmem|       pointer|
|m_axi_gmem_BREADY      |  out|    1|          m_axi|               gmem|       pointer|
|m_axi_gmem_BRESP       |   in|    2|          m_axi|               gmem|       pointer|
|m_axi_gmem_BID         |   in|    1|          m_axi|               gmem|       pointer|
|m_axi_gmem_BUSER       |   in|    1|          m_axi|               gmem|       pointer|
+-----------------------+-----+-----+---------------+-------------------+--------------+

