Copyright 1986-2022 Xilinx, Inc. All Rights Reserved. Copyright 2022-2023 Advanced Micro Devices, Inc. All Rights Reserved.
----------------------------------------------------------------------------------------------------------------------------------------------------------------------------------------------
| Tool Version : Vivado v.2023.2 (lin64) Build 4029153 Fri Oct 13 20:13:54 MDT 2023
| Date         : Thu Aug 20 17:42:02 2026
| Host         : cdac running 64-bit Ubuntu 20.04.6 LTS
| Command      : report_accelerator_utilization -kernels { shor_qec_kernel:level0_i/ulp/shor_qec_kernel_1/inst:shor_qec_kernel_1} -file kernel_util_routed.rpt -name kernel_util_routed -json
| Design       : level0_wrapper
| Device       : xcu55c
| Design State : Routed
----------------------------------------------------------------------------------------------------------------------------------------------------------------------------------------------

Accelerator Utilization Design Information

Table of Contents
-----------------
1. System Utilization

1. System Utilization
---------------------

+----------------------+-------------------+------------------+-------------------+----------------+---------------+----------------+
| Name                 | LUT               | LUTAsMem         | REG               | BRAM           | URAM          | DSP            |
+----------------------+-------------------+------------------+-------------------+----------------+---------------+----------------+
| Platform             |  120655 [  9.25%] |   8242 [  1.37%] |  163444 [  6.27%] |  198 [  9.82%] |   0 [  0.00%] |    4 [  0.04%] |
| User Budget          | 1183025 [100.00%] | 592718 [100.00%] | 2443916 [100.00%] | 1818 [100.00%] | 960 [100.00%] | 9020 [100.00%] |
|    Used Resources    |    1018 [  0.09%] |    295 [  0.05%] |    1245 [  0.05%] |    0 [  0.00%] |   0 [  0.00%] |    0 [  0.00%] |
|    Unused Resources  | 1182007 [ 99.91%] | 592423 [ 99.95%] | 2442671 [ 99.95%] | 1818 [100.00%] | 960 [100.00%] | 9020 [100.00%] |
| shor_qec_kernel      |    1018 [  0.09%] |    295 [  0.05%] |    1245 [  0.05%] |    0 [  0.00%] |   0 [  0.00%] |    0 [  0.00%] |
|    shor_qec_kernel_1 |    1018 [  0.09%] |    295 [  0.05%] |    1245 [  0.05%] |    0 [  0.00%] |   0 [  0.00%] |    0 [  0.00%] |
+----------------------+-------------------+------------------+-------------------+----------------+---------------+----------------+


