Copyright 1986-2022 Xilinx, Inc. All Rights Reserved. Copyright 2022-2023 Advanced Micro Devices, Inc. All Rights Reserved.
---------------------------------------------------------------------------------------------------------------------------------------------
| Tool Version : Vivado v.2023.2 (lin64) Build 4029153 Fri Oct 13 20:13:54 MDT 2023
| Date         : Thu Aug 20 17:42:30 2026
| Host         : cdac running 64-bit Ubuntu 20.04.6 LTS
| Command      : report_utilization -slr -file slr_util_routed.rpt -pb slr_util_routed.pb
| Design       : level0_wrapper
| Device       : xcu55c-fsvh2892-2L-e
| Speed File   : -2L
| Design State : Routed
---------------------------------------------------------------------------------------------------------------------------------------------

Utilization Design Information

Table of Contents
-----------------
1. SLR Connectivity
2. SLR Connectivity Matrix
3. SLR CLB Logic and Dedicated Block Utilization
4. SLR IO Utilization

1. SLR Connectivity
-------------------

+----------------------------------+-------+-------+-----------+-------+
|                                  |  Used | Fixed | Available | Util% |
+----------------------------------+-------+-------+-----------+-------+
| SLR2 <-> SLR1                    |  5180 |       |     23040 | 22.48 |
|   SLR1 -> SLR2                   |  2627 |       |           | 11.40 |
|     Using TX_REG only            |     0 |     0 |           |       |
|     Using RX_REG only            |     0 |     0 |           |       |
|     Using Both TX_REG and RX_REG |     0 |     0 |           |       |
|   SLR2 -> SLR1                   |  2553 |       |           | 11.08 |
|     Using TX_REG only            |     0 |     0 |           |       |
|     Using RX_REG only            |     0 |     0 |           |       |
|     Using Both TX_REG and RX_REG |     0 |     0 |           |       |
| SLR1 <-> SLR0                    |  5331 |       |     23040 | 23.14 |
|   SLR0 -> SLR1                   |  2786 |       |           | 12.09 |
|     Using TX_REG only            |     0 |     0 |           |       |
|     Using RX_REG only            |     0 |     0 |           |       |
|     Using Both TX_REG and RX_REG |     0 |     0 |           |       |
|   SLR1 -> SLR0                   |  2545 |       |           | 11.05 |
|     Using TX_REG only            |     0 |     0 |           |       |
|     Using RX_REG only            |     0 |     0 |           |       |
|     Using Both TX_REG and RX_REG |     0 |     0 |           |       |
+----------------------------------+-------+-------+-----------+-------+
| Total SLLs Used                  | 10511 |       |           |       |
+----------------------------------+-------+-------+-----------+-------+


2. SLR Connectivity Matrix
--------------------------

+-----------+------+------+------+
| FROM \ TO | SLR2 | SLR1 | SLR0 |
+-----------+------+------+------+
| SLR2      |    0 | 2453 |  100 |
| SLR1      | 2562 |    0 | 2445 |
| SLR0      |   65 | 2721 |    0 |
+-----------+------+------+------+


3. SLR CLB Logic and Dedicated Block Utilization
------------------------------------------------

+----------------------------+-------+-------+-------+--------+--------+--------+
|          Site Type         |  SLR0 |  SLR1 |  SLR2 | SLR0 % | SLR1 % | SLR2 % |
+----------------------------+-------+-------+-------+--------+--------+--------+
| CLB                        |  9105 | 11690 |  6638 |  16.57 |  21.65 |  12.29 |
|   CLBL                     |  4857 |  6379 |  3418 |  16.59 |  21.79 |  11.67 |
|   CLBM                     |  4248 |  5311 |  3220 |  16.54 |  21.48 |  13.03 |
| CLB LUTs                   | 33893 | 62646 | 25131 |   7.71 |  14.50 |   5.82 |
|   LUT as Logic             | 30567 | 58960 | 23606 |   6.95 |  13.65 |   5.46 |
|     using O5 output only   |   997 |   925 |   425 |   0.23 |   0.21 |   0.10 |
|     using O6 output only   | 21929 | 44088 | 16742 |   4.99 |  10.21 |   3.88 |
|     using O5 and O6        |  7641 | 13947 |  6439 |   1.74 |   3.23 |   1.49 |
|   LUT as Memory            |  3326 |  3686 |  1525 |   1.62 |   1.86 |   0.77 |
|     LUT as Distributed RAM |  1152 |  3532 |   820 |   0.56 |   1.79 |   0.41 |
|       using O5 output only |     0 |     0 |     0 |   0.00 |   0.00 |   0.00 |
|       using O6 output only |   240 |   386 |     4 |   0.12 |   0.20 |  <0.01 |
|       using O5 and O6      |   912 |  3146 |   816 |   0.44 |   1.59 |   0.41 |
|     LUT as Shift Register  |  2174 |   154 |   705 |   1.06 |   0.08 |   0.36 |
|       using O5 output only |     0 |     0 |     0 |   0.00 |   0.00 |   0.00 |
|       using O6 output only |  1426 |    98 |   671 |   0.69 |   0.05 |   0.34 |
|       using O5 and O6      |   748 |    56 |    34 |   0.36 |   0.03 |   0.02 |
| CLB Registers              | 56417 | 73531 | 34741 |   6.42 |   8.51 |   4.02 |
| CARRY8                     |   332 |   653 |   103 |   0.60 |   1.21 |   0.19 |
| F7 Muxes                   |   904 |  1479 |   437 |   0.41 |   0.68 |   0.20 |
| F8 Muxes                   |   191 |   272 |     0 |   0.17 |   0.25 |   0.00 |
| F9 Muxes                   |     0 |     0 |     0 |   0.00 |   0.00 |   0.00 |
| Block RAM Tile             |  58.5 |    90 |    50 |   8.71 |  13.39 |   7.44 |
|   RAMB36/FIFO              |    55 |    90 |    50 |   8.18 |  13.39 |   7.44 |
|   RAMB18                   |     7 |     0 |     0 |   0.52 |   0.00 |   0.00 |
| URAM                       |     0 |     0 |     0 |   0.00 |   0.00 |   0.00 |
| DSPs                       |     0 |     0 |     4 |   0.00 |   0.00 |   0.13 |
| Unique Control Sets        |  2059 |  3452 |  1057 |   1.87 |   3.20 |   0.98 |
+----------------------------+-------+-------+-------+--------+--------+--------+
* Note: Available Control Sets based on CLB Registers / 8


4. SLR IO Utilization
---------------------

+-----------+-----------+---------+------------+----------+------------+----------+-----+
| SLR Index | Used IOBs | (%)IOBs | Used IPADs | (%)IPADs | Used OPADs | (%)OPADs | GTs |
+-----------+-----------+---------+------------+----------+------------+----------+-----+
| SLR2      |         0 |    0.00 |          0 |     0.00 |          0 |     0.00 |   0 |
| SLR1      |         0 |    0.00 |          0 |     0.00 |          0 |     0.00 |   0 |
| SLR0      |        12 |    5.77 |          0 |     0.00 |          0 |     0.00 |  16 |
+-----------+-----------+---------+------------+----------+------------+----------+-----+
| Total     |        12 |         |          0 |          |          0 |          |  16 |
+-----------+-----------+---------+------------+----------+------------+----------+-----+


