

================================================================
== Vitis HLS Report for 'shor_qec_kernel'
================================================================
* Date:           Wed Aug 19 13:58:07 2026

* Version:        2023.2 (Build 4023990 on Oct 11 2023)
* Project:        shor_qec_kernel_proj
* Solution:       solution1 (Vitis Kernel Flow Target)
* Product family: virtexuplusHBM
* Target device:  xcu55c-fsvh2892-2L-e


================================================================
== Performance Estimates
================================================================
+ Timing: 
    * Summary: 
    +--------+---------+----------+------------+
    |  Clock |  Target | Estimated| Uncertainty|
    +--------+---------+----------+------------+
    |ap_clk  |  3.33 ns|  2.431 ns|     0.90 ns|
    +--------+---------+----------+------------+

+ Latency: 
    * Summary: 
    +---------+---------+----------+----------+-----+-----+---------+
    |  Latency (cycles) |  Latency (absolute) |  Interval | Pipeline|
    |   min   |   max   |    min   |    max   | min | max |   Type  |
    +---------+---------+----------+----------+-----+-----+---------+
    |       70|       70|  0.233 us|  0.233 us|    1|    1|      yes|
    +---------+---------+----------+----------+-----+-----+---------+

    + Detail: 
        * Instance: 
        N/A

        * Loop: 
        N/A



================================================================
== Utilization Estimates
================================================================
* Summary: 
+---------------------+---------+------+---------+---------+-----+
|         Name        | BRAM_18K|  DSP |    FF   |   LUT   | URAM|
+---------------------+---------+------+---------+---------+-----+
|DSP                  |        -|     -|        -|        -|    -|
|Expression           |        -|     -|        0|       44|    -|
|FIFO                 |        -|     -|        -|        -|    -|
|Instance             |        2|     -|      872|     1016|    0|
|Memory               |        1|     -|        0|        0|    -|
|Multiplexer          |        -|     -|        -|       45|    -|
|Register             |        -|     -|      337|       32|    -|
+---------------------+---------+------+---------+---------+-----+
|Total                |        3|     0|     1209|     1137|    0|
+---------------------+---------+------+---------+---------+-----+
|Available SLR        |     1344|  3008|   869120|   434560|  320|
+---------------------+---------+------+---------+---------+-----+
|Utilization SLR (%)  |       ~0|     0|       ~0|       ~0|    0|
+---------------------+---------+------+---------+---------+-----+
|Available            |     4032|  9024|  2607360|  1303680|  960|
+---------------------+---------+------+---------+---------+-----+
|Utilization (%)      |       ~0|     0|       ~0|       ~0|    0|
+---------------------+---------+------+---------+---------+-----+

+ Detail: 
    * Instance: 
    +-----------------+---------------+---------+----+-----+-----+-----+
    |     Instance    |     Module    | BRAM_18K| DSP|  FF | LUT | URAM|
    +-----------------+---------------+---------+----+-----+-----+-----+
    |control_s_axi_U  |control_s_axi  |        0|   0|  176|  296|    0|
    |gmem_m_axi_U     |gmem_m_axi     |        2|   0|  696|  720|    0|
    +-----------------+---------------+---------+----+-----+-----+-----+
    |Total            |               |        2|   0|  872| 1016|    0|
    +-----------------+---------------+---------+----+-----+-----+-----+

    * DSP: 
    N/A

    * Memory: 
    +--------------------+------------------------------+---------+---+----+-----+------+-----+------+-------------+
    |       Memory       |            Module            | BRAM_18K| FF| LUT| URAM| Words| Bits| Banks| W*Bits*Banks|
    +--------------------+------------------------------+---------+---+----+-----+------+-----+------+-------------+
    |SHOR_DECODER_LUT_U  |SHOR_DECODER_LUT_ROM_AUTO_1R  |        1|  0|   0|    0|   256|   18|     1|         4608|
    +--------------------+------------------------------+---------+---+----+-----+------+-----+------+-------------+
    |Total               |                              |        1|  0|   0|    0|   256|   18|     1|         4608|
    +--------------------+------------------------------+---------+---+----+-----+------+-----+------+-------------+

    * FIFO: 
    N/A

    * Expression: 
    +---------------------------+----------+----+---+----+------------+------------+
    |       Variable Name       | Operation| DSP| FF| LUT| Bitwidth P0| Bitwidth P1|
    +---------------------------+----------+----+---+----+------------+------------+
    |ap_block_pp0_stage0_01001  |        or|   0|  0|   2|           1|           1|
    |ap_block_pp0_stage0_11001  |        or|   0|  0|   2|           1|           1|
    |ap_enable_pp0              |       xor|   0|  0|   2|           1|           2|
    |x_fixed_fu_378_p2          |       xor|   0|  0|   7|           7|           7|
    |x_logical_err_fu_422_p2    |       xor|   0|  0|   2|           1|           1|
    |xor_ln123_fu_181_p2        |       xor|   0|  0|   2|           1|           1|
    |xor_ln124_fu_195_p2        |       xor|   0|  0|   2|           1|           1|
    |xor_ln125_fu_217_p2        |       xor|   0|  0|   2|           1|           1|
    |xor_ln126_fu_231_p2        |       xor|   0|  0|   2|           1|           1|
    |xor_ln127_fu_253_p2        |       xor|   0|  0|   2|           1|           1|
    |xor_ln128_fu_267_p2        |       xor|   0|  0|   2|           1|           1|
    |xor_ln235_1_fu_384_p2      |       xor|   0|  0|   4|           4|           4|
    |xor_ln251_1_fu_416_p2      |       xor|   0|  0|   2|           1|           1|
    |xor_ln251_fu_411_p2        |       xor|   0|  0|   2|           1|           1|
    |z_fixed_fu_390_p2          |       xor|   0|  0|   9|           9|           9|
    +---------------------------+----------+----+---+----+------------+------------+
    |Total                      |          |   0|  0|  44|          32|          33|
    +---------------------------+----------+----+---+----+------------+------------+

    * Multiplexer: 
    +---------------+----+-----------+-----+-----------+
    |      Name     | LUT| Input Size| Bits| Total Bits|
    +---------------+----+-----------+-----+-----------+
    |ap_done        |   9|          2|    1|          2|
    |ap_return      |   9|          2|   28|         56|
    |gmem_blk_n_AW  |   9|          2|    1|          2|
    |gmem_blk_n_B   |   9|          2|    1|          2|
    |gmem_blk_n_W   |   9|          2|    1|          2|
    +---------------+----+-----------+-----+-----------+
    |Total          |  45|         10|   32|         64|
    +---------------+----+-----------+-----+-----------+

    * Register: 
    +----------------------------------------+----+----+-----+-----------+
    |                  Name                  | FF | LUT| Bits| Const Bits|
    +----------------------------------------+----+----+-----+-----------+
    |ap_CS_fsm                               |   1|   0|    1|          0|
    |ap_done_reg                             |   1|   0|    1|          0|
    |ap_enable_reg_pp0_iter1                 |   1|   0|    1|          0|
    |ap_enable_reg_pp0_iter10                |   1|   0|    1|          0|
    |ap_enable_reg_pp0_iter11                |   1|   0|    1|          0|
    |ap_enable_reg_pp0_iter12                |   1|   0|    1|          0|
    |ap_enable_reg_pp0_iter13                |   1|   0|    1|          0|
    |ap_enable_reg_pp0_iter14                |   1|   0|    1|          0|
    |ap_enable_reg_pp0_iter15                |   1|   0|    1|          0|
    |ap_enable_reg_pp0_iter16                |   1|   0|    1|          0|
    |ap_enable_reg_pp0_iter17                |   1|   0|    1|          0|
    |ap_enable_reg_pp0_iter18                |   1|   0|    1|          0|
    |ap_enable_reg_pp0_iter19                |   1|   0|    1|          0|
    |ap_enable_reg_pp0_iter2                 |   1|   0|    1|          0|
    |ap_enable_reg_pp0_iter20                |   1|   0|    1|          0|
    |ap_enable_reg_pp0_iter21                |   1|   0|    1|          0|
    |ap_enable_reg_pp0_iter22                |   1|   0|    1|          0|
    |ap_enable_reg_pp0_iter23                |   1|   0|    1|          0|
    |ap_enable_reg_pp0_iter24                |   1|   0|    1|          0|
    |ap_enable_reg_pp0_iter25                |   1|   0|    1|          0|
    |ap_enable_reg_pp0_iter26                |   1|   0|    1|          0|
    |ap_enable_reg_pp0_iter27                |   1|   0|    1|          0|
    |ap_enable_reg_pp0_iter28                |   1|   0|    1|          0|
    |ap_enable_reg_pp0_iter29                |   1|   0|    1|          0|
    |ap_enable_reg_pp0_iter3                 |   1|   0|    1|          0|
    |ap_enable_reg_pp0_iter30                |   1|   0|    1|          0|
    |ap_enable_reg_pp0_iter31                |   1|   0|    1|          0|
    |ap_enable_reg_pp0_iter32                |   1|   0|    1|          0|
    |ap_enable_reg_pp0_iter33                |   1|   0|    1|          0|
    |ap_enable_reg_pp0_iter34                |   1|   0|    1|          0|
    |ap_enable_reg_pp0_iter35                |   1|   0|    1|          0|
    |ap_enable_reg_pp0_iter36                |   1|   0|    1|          0|
    |ap_enable_reg_pp0_iter37                |   1|   0|    1|          0|
    |ap_enable_reg_pp0_iter38                |   1|   0|    1|          0|
    |ap_enable_reg_pp0_iter39                |   1|   0|    1|          0|
    |ap_enable_reg_pp0_iter4                 |   1|   0|    1|          0|
    |ap_enable_reg_pp0_iter40                |   1|   0|    1|          0|
    |ap_enable_reg_pp0_iter41                |   1|   0|    1|          0|
    |ap_enable_reg_pp0_iter42                |   1|   0|    1|          0|
    |ap_enable_reg_pp0_iter43                |   1|   0|    1|          0|
    |ap_enable_reg_pp0_iter44                |   1|   0|    1|          0|
    |ap_enable_reg_pp0_iter45                |   1|   0|    1|          0|
    |ap_enable_reg_pp0_iter46                |   1|   0|    1|          0|
    |ap_enable_reg_pp0_iter47                |   1|   0|    1|          0|
    |ap_enable_reg_pp0_iter48                |   1|   0|    1|          0|
    |ap_enable_reg_pp0_iter49                |   1|   0|    1|          0|
    |ap_enable_reg_pp0_iter5                 |   1|   0|    1|          0|
    |ap_enable_reg_pp0_iter50                |   1|   0|    1|          0|
    |ap_enable_reg_pp0_iter51                |   1|   0|    1|          0|
    |ap_enable_reg_pp0_iter52                |   1|   0|    1|          0|
    |ap_enable_reg_pp0_iter53                |   1|   0|    1|          0|
    |ap_enable_reg_pp0_iter54                |   1|   0|    1|          0|
    |ap_enable_reg_pp0_iter55                |   1|   0|    1|          0|
    |ap_enable_reg_pp0_iter56                |   1|   0|    1|          0|
    |ap_enable_reg_pp0_iter57                |   1|   0|    1|          0|
    |ap_enable_reg_pp0_iter58                |   1|   0|    1|          0|
    |ap_enable_reg_pp0_iter59                |   1|   0|    1|          0|
    |ap_enable_reg_pp0_iter6                 |   1|   0|    1|          0|
    |ap_enable_reg_pp0_iter60                |   1|   0|    1|          0|
    |ap_enable_reg_pp0_iter61                |   1|   0|    1|          0|
    |ap_enable_reg_pp0_iter62                |   1|   0|    1|          0|
    |ap_enable_reg_pp0_iter63                |   1|   0|    1|          0|
    |ap_enable_reg_pp0_iter64                |   1|   0|    1|          0|
    |ap_enable_reg_pp0_iter65                |   1|   0|    1|          0|
    |ap_enable_reg_pp0_iter66                |   1|   0|    1|          0|
    |ap_enable_reg_pp0_iter67                |   1|   0|    1|          0|
    |ap_enable_reg_pp0_iter68                |   1|   0|    1|          0|
    |ap_enable_reg_pp0_iter69                |   1|   0|    1|          0|
    |ap_enable_reg_pp0_iter7                 |   1|   0|    1|          0|
    |ap_enable_reg_pp0_iter70                |   1|   0|    1|          0|
    |ap_enable_reg_pp0_iter8                 |   1|   0|    1|          0|
    |ap_enable_reg_pp0_iter9                 |   1|   0|    1|          0|
    |ap_return_preg                          |  28|   0|   32|          4|
    |ap_rst_n_inv                            |   1|   0|    1|          0|
    |ap_rst_reg_1                            |   1|   0|    1|          0|
    |ap_rst_reg_2                            |   1|   0|    1|          0|
    |err_in_read_reg_454                     |  32|   0|   32|          0|
    |gmem_addr_reg_515                       |  64|   0|   64|          0|
    |lut_word_reg_521                        |  18|   0|   18|          0|
    |trunc_ln213_2_reg_460                   |   1|   0|    1|          0|
    |x_logical_err_reg_526                   |   1|   0|    1|          0|
    |xor_ln123_reg_470                       |   1|   0|    1|          0|
    |xor_ln123_reg_470_pp0_iter1_reg         |   1|   0|    1|          0|
    |xor_ln124_reg_475                       |   1|   0|    1|          0|
    |xor_ln124_reg_475_pp0_iter1_reg         |   1|   0|    1|          0|
    |xor_ln125_reg_480                       |   1|   0|    1|          0|
    |xor_ln125_reg_480_pp0_iter1_reg         |   1|   0|    1|          0|
    |xor_ln126_reg_485                       |   1|   0|    1|          0|
    |xor_ln126_reg_485_pp0_iter1_reg         |   1|   0|    1|          0|
    |xor_ln127_reg_490                       |   1|   0|    1|          0|
    |xor_ln127_reg_490_pp0_iter1_reg         |   1|   0|    1|          0|
    |xor_ln128_reg_495                       |   1|   0|    1|          0|
    |xor_ln128_reg_495_pp0_iter1_reg         |   1|   0|    1|          0|
    |xor_reduce_i15_i_reg_500                |   1|   0|    1|          0|
    |xor_reduce_i15_i_reg_500_pp0_iter1_reg  |   1|   0|    1|          0|
    |xor_reduce_i_i_reg_505                  |   1|   0|    1|          0|
    |xor_reduce_i_i_reg_505_pp0_iter1_reg    |   1|   0|    1|          0|
    |z_err_reg_465                           |   9|   0|    9|          0|
    |z_logical_err_reg_531                   |   1|   0|    1|          0|
    |zext_ln260_reg_536                      |  28|   0|   32|          4|
    |zext_ln260_reg_536                      |  64|  32|   32|          4|
    +----------------------------------------+----+----+-----+-----------+
    |Total                                   | 337|  32|  313|         12|
    +----------------------------------------+----+----+-----+-----------+



================================================================
== Interface
================================================================
* Summary: 
+-----------------------+-----+-----+---------------+-----------------+--------------+
|       RTL Ports       | Dir | Bits|    Protocol   |  Source Object  |    C Type    |
+-----------------------+-----+-----+---------------+-----------------+--------------+
|s_axi_control_AWVALID  |   in|    1|          s_axi|          control|        scalar|
|s_axi_control_AWREADY  |  out|    1|          s_axi|          control|        scalar|
|s_axi_control_AWADDR   |   in|    6|          s_axi|          control|        scalar|
|s_axi_control_WVALID   |   in|    1|          s_axi|          control|        scalar|
|s_axi_control_WREADY   |  out|    1|          s_axi|          control|        scalar|
|s_axi_control_WDATA    |   in|   32|          s_axi|          control|        scalar|
|s_axi_control_WSTRB    |   in|    4|          s_axi|          control|        scalar|
|s_axi_control_ARVALID  |   in|    1|          s_axi|          control|        scalar|
|s_axi_control_ARREADY  |  out|    1|          s_axi|          control|        scalar|
|s_axi_control_ARADDR   |   in|    6|          s_axi|          control|        scalar|
|s_axi_control_RVALID   |  out|    1|          s_axi|          control|        scalar|
|s_axi_control_RREADY   |   in|    1|          s_axi|          control|        scalar|
|s_axi_control_RDATA    |  out|   32|          s_axi|          control|        scalar|
|s_axi_control_RRESP    |  out|    2|          s_axi|          control|        scalar|
|s_axi_control_BVALID   |  out|    1|          s_axi|          control|        scalar|
|s_axi_control_BREADY   |   in|    1|          s_axi|          control|        scalar|
|s_axi_control_BRESP    |  out|    2|          s_axi|          control|        scalar|
|ap_clk                 |   in|    1|  ap_ctrl_chain|  shor_qec_kernel|  return value|
|ap_rst_n               |   in|    1|  ap_ctrl_chain|  shor_qec_kernel|  return value|
|interrupt              |  out|    1|  ap_ctrl_chain|  shor_qec_kernel|  return value|
|m_axi_gmem_AWVALID     |  out|    1|          m_axi|             gmem|       pointer|
|m_axi_gmem_AWREADY     |   in|    1|          m_axi|             gmem|       pointer|
|m_axi_gmem_AWADDR      |  out|   64|          m_axi|             gmem|       pointer|
|m_axi_gmem_AWID        |  out|    1|          m_axi|             gmem|       pointer|
|m_axi_gmem_AWLEN       |  out|    8|          m_axi|             gmem|       pointer|
|m_axi_gmem_AWSIZE      |  out|    3|          m_axi|             gmem|       pointer|
|m_axi_gmem_AWBURST     |  out|    2|          m_axi|             gmem|       pointer|
|m_axi_gmem_AWLOCK      |  out|    2|          m_axi|             gmem|       pointer|
|m_axi_gmem_AWCACHE     |  out|    4|          m_axi|             gmem|       pointer|
|m_axi_gmem_AWPROT      |  out|    3|          m_axi|             gmem|       pointer|
|m_axi_gmem_AWQOS       |  out|    4|          m_axi|             gmem|       pointer|
|m_axi_gmem_AWREGION    |  out|    4|          m_axi|             gmem|       pointer|
|m_axi_gmem_AWUSER      |  out|    1|          m_axi|             gmem|       pointer|
|m_axi_gmem_WVALID      |  out|    1|          m_axi|             gmem|       pointer|
|m_axi_gmem_WREADY      |   in|    1|          m_axi|             gmem|       pointer|
|m_axi_gmem_WDATA       |  out|   32|          m_axi|             gmem|       pointer|
|m_axi_gmem_WSTRB       |  out|    4|          m_axi|             gmem|       pointer|
|m_axi_gmem_WLAST       |  out|    1|          m_axi|             gmem|       pointer|
|m_axi_gmem_WID         |  out|    1|          m_axi|             gmem|       pointer|
|m_axi_gmem_WUSER       |  out|    1|          m_axi|             gmem|       pointer|
|m_axi_gmem_ARVALID     |  out|    1|          m_axi|             gmem|       pointer|
|m_axi_gmem_ARREADY     |   in|    1|          m_axi|             gmem|       pointer|
|m_axi_gmem_ARADDR      |  out|   64|          m_axi|             gmem|       pointer|
|m_axi_gmem_ARID        |  out|    1|          m_axi|             gmem|       pointer|
|m_axi_gmem_ARLEN       |  out|    8|          m_axi|             gmem|       pointer|
|m_axi_gmem_ARSIZE      |  out|    3|          m_axi|             gmem|       pointer|
|m_axi_gmem_ARBURST     |  out|    2|          m_axi|             gmem|       pointer|
|m_axi_gmem_ARLOCK      |  out|    2|          m_axi|             gmem|       pointer|
|m_axi_gmem_ARCACHE     |  out|    4|          m_axi|             gmem|       pointer|
|m_axi_gmem_ARPROT      |  out|    3|          m_axi|             gmem|       pointer|
|m_axi_gmem_ARQOS       |  out|    4|          m_axi|             gmem|       pointer|
|m_axi_gmem_ARREGION    |  out|    4|          m_axi|             gmem|       pointer|
|m_axi_gmem_ARUSER      |  out|    1|          m_axi|             gmem|       pointer|
|m_axi_gmem_RVALID      |   in|    1|          m_axi|             gmem|       pointer|
|m_axi_gmem_RREADY      |  out|    1|          m_axi|             gmem|       pointer|
|m_axi_gmem_RDATA       |   in|   32|          m_axi|             gmem|       pointer|
|m_axi_gmem_RLAST       |   in|    1|          m_axi|             gmem|       pointer|
|m_axi_gmem_RID         |   in|    1|          m_axi|             gmem|       pointer|
|m_axi_gmem_RUSER       |   in|    1|          m_axi|             gmem|       pointer|
|m_axi_gmem_RRESP       |   in|    2|          m_axi|             gmem|       pointer|
|m_axi_gmem_BVALID      |   in|    1|          m_axi|             gmem|       pointer|
|m_axi_gmem_BREADY      |  out|    1|          m_axi|             gmem|       pointer|
|m_axi_gmem_BRESP       |   in|    2|          m_axi|             gmem|       pointer|
|m_axi_gmem_BID         |   in|    1|          m_axi|             gmem|       pointer|
|m_axi_gmem_BUSER       |   in|    1|          m_axi|             gmem|       pointer|
+-----------------------+-----+-----+---------------+-----------------+--------------+

